// Jest Snapshot v1, https://goo.gl/fbAQLP

exports[`renders correctly 1`] = `
Array [
  <style>
    [object Object]
  </style>,
  <div
    className="rla-comet"
  >
    <div />
    <div />
    <div />
  </div>,
]
`;
